[   00000000]]IIiiiillziggccroppssbbyy  cpuset
[    0.000000] Initializing cgroup subsys cpu
[    0.000000] Initializing cgroup subsys cpuacct
[    0.000000] Linux version 4.4.0-159-generic (buildd@lgw01-amd64-042) (gcc version 5.4.0 20160609 (Ubuntu 5.4.0-6ubuntu1~16.04.10) ) #187-Ubuntu SMP Thu Aug 1 16:28:06 UTC 2019 (Ubuntu 4.4.0-159.187-generic 4.4.185)
[    0.000000] Command line: BOOT_IMAGE=/boot/vmlinuz-4.4.0-159-generic root=LABEL=cloudimg-rootfs ro console=tty1 console=ttyS0
[    0.000000] KERNEL supported cpus:
[    0.000000]   Intel GenuineIntel
[    0.000000]   AMD AuthenticAMD
[    0.000000]   Centaur CentaurHauls
[    0.000000] x86/fpu: xstate_offset[2]:  576, xstate_sizes[2]:  256
[    0.000000] x86/fpu: Supporting XSAVE feature 0x01: 'x87 floating point registers'
[    0.000000] x86/fpu: Supporting XSAVE feature 0x02: 'SSE registers'
[    0.000000] x86/fpu: Supporting XSAVE feature 0x04: 'AVX registers'
[    0.000000] x86/fpu: Enabled xstate features 0x7, context size is 832 bytes, using 'standard' format.
[    0.000000] e820: BIOS-provided physical RAM map:
[    0.000000] BIOS-e820: [mem 0x0000000000000000-0x000000000009fbff] usable
[    0.000000] BIOS-e820: [mem 0x000000000009fc00-0x000000000009ffff] reserved
[    0.000000] BIOS-e820: [mem 0x00000000000f0000-0x00000000000fffff] reserved
[    0.000000] BIOS-e820: [mem 0x0000000000100000-0x00000000181effff] usable
[    0.000000] BIOS-e820: [mem 0x00000000181f0000-0x00000000181fffff] ACPI data
[    0.000000] BIOS-e820: [mem 0x00000000fffc0000-0x00000000ffffffff] reserved
[    0.000000] NX (Execute Disable) protection: active
[    0.000000] SMBIOS 2.5 present.
[    0.000000] Hypervisor detected: KVM
[    0.000000] e820: last_pfn = 0x181f0 max_arch_pfn = 0x400000000
[    0.000000] MTRR: Disabled
[    0.000000] x86/PAT: MTRRs disabled, skipping PAT initialization too.
[    0.000000] CPU MTRRs all blank - virtualized system.
[    0.000000] x86/PAT: Configuration [0-7]: WB  WT  UC- UC  WB  WT  UC- UC  
[    0.000000] found SMP MP-table at [mem 0x0009fff0-0x0009ffff] mapped at [ffff88000009fff0]
[    0.000000] Scanning 1 areas for low memory corruption
[    0.000000] RAMDISK: [mem 0x16b61000-0x179dcfff]
[    0.000000] ACPI: Early table checksum verification disabled
[    0.000000] ACPI: RSDP 0x00000000000E0000 000024 (v02 VBOX  )
[    0.000000] ACPI: XSDT 0x00000000181F0030 00003C (v01 VBOX   VBOXXSDT 00000001 ASL  00000061)
[    0.000000] ACPI: FACP 0x00000000181F00F0 0000F4 (v04 VBOX   VBOXFACP 00000001 ASL  00000061)
[    0.000000] ACPI: DSDT 0x00000000181F0470 002118 (v01 VBOX   VBOXBIOS 00000002 INTL 20160108)
[    0.000000] ACPI: FACS 0x00000000181F0200 000040
[    0.000000] ACPI: FACS 0x00000000181F0200 000040
[    0.000000] ACPI  PPCC00x00000000181F0240 000054 (v02 VBOX   VBOXAPIC 00000001 ASL  00000061)
[    0.000000] ACPI: SSDT 0x00000000181F02A0 0001CC (v01 VBOX  VVOOCCUU  0000002 NNLL20661188
[    ..000000  ooNNMM  ooffggrrttoo  oonn
[    .00000]]FFkking a node at [mem 0x0000000000000000-0x00000000181effff]
[    0.000000] NODE_DATA(0) allocated [mem 0x181eb000-0x181effff]
[    0.000000] kvm-clock: Using msrs 4b564d01 and 4b564d00
[    0.000000] kvm-clock: cpu 0, msr 0:181e3001, primary cpu clock
[    0.000000] kvm-clock: using sched offset of 3356661852 cycles
[    0.000000] clocksource: kvm-clock: mask: 0xffffffffffffffff max_cycles: 0x1cd42e4dffb, max_idle_ns: 881590591483 ns
[    0.000000] Section 2 and 3 (node 0) have a circular dependency on usemap and pgdat allocations
[    0.000000] Zone ranges:
[    0.000000]   DMA      [mem 0x0000000000001000-0x0000000000ffffff]
[    0.000000]   DMA32    [mem 0x0000000001000000-0x00000000181effff]
[    0.000000]   Normal   empty
[    0.000000]   Device   empty
[    0.000000] Movable zone start for each node
[    0.000000] Early memory node ranges
[    0.000000]   node   0: [mem 0x0000000000001000-0x000000000009efff]
[    0.000000]   node   0: [mem 0x0000000000100000-0x00000000181effff]
[    0.000000] Initmem setup node 0 [mem 0x0000000000001000-0x00000000181effff]
[    0.000000] ACPI: PM-Timer IO Port: 0x4008
[    0.000000] IOAPIC[0]: apic_id 1, version 17, address 0xfec00000, GSI 0-23
[    0.000000] ACPI: INT_SRC_OVR (bus 0 bus_irq 0 global_irq 2 dfl dfl)
[    0.000000] ACPI: INT_SRC_OVR (bus 0 bus_irq 9 global_ir  9 high level)
[    0.000000] Using ACPI (MADT) for SMP configuration information
[    0.000000] smpboot: Allowing 1 CPUs, 0 hotplug CPUs
[    0.000000] PM: Registered nosave memory: [mem 0x00000000-0x00000fff]
[    0.000000] PM: Registered nosave memory: [mem 0x0009f000-0x0009ffff]
[    0.000000] PM: Registered nosave memory: [mem 0x000a0000-0x000effff]
[    0.000000] PM: Registered nosave memory: [mem 0x000f0000-0x000fffff]
[    0.000000] e820: [mem 0x18200000-0xfffbffff] available for PCI devices
[    0.000000] Booting paravirtualized kernel on KVM
[    0.000000] clocksource: refined-jiffees: mask: 0xffffffff max_cycles: 0xffffffff, max_idle_ns: 7645519600211568 ns
[    0.000000] setup_percpu: NR_CPUS:512 nr_cpumask_bits:512 nr_cpu_ids:1 nr_node_ids:1
[    0.000000] PERCPU: Embedded 34 pages/cpu @ffff880017e00000 s99544 r8192 d31528 u2097152
[    0.000000] Built 1 zonelists in Node order, mobility grouping on.  Total pages: 97136
[    0.000000] Policy zone: DMA32
[    0.000000] Kernel command line: BOOT_IMAGE=/boot/vmlinuz-4.4.0-159-generic root=LABEL=cloudimg-rootfs ro console=tty1 console=ttyS0
[    0.000000] PID hash table entries: 2048 (order: 2, 16384 bytes)
[    0.000000] Memory: 352756K/394808K available (8618K kernel code, 1335K rwdata, 4032K rodata, 1488K init, 1284K bss, 42052K reserved, 0K cma-reserved)
[    0.000000] SLUB: HWalign=64, Order=0-3, MinObjects=0, CPUs=1, Nodes=1
[    0.000000] Kernel/User page tables isolation: enabled
[    0.000000] Hierarchical RCU implementation.
[    0.000000] 	Build-time adjustment of leaf fanout to 64.
[    0.000000] 	RCU restricting CPUs from NR_CPUS=512 to nr_cpu_ids=1.
[    0.000000] RCU: Adjusting geometry for rcu_fanout_leaf=64, nr_cpu_ids=1
[    0.000000] NR_IRQS:33024 nr_irqs:256 16
[    0.000000] Console: colour VGA+ 80x25
[    0.000000] console [tty1] enabled
[    0.000000] console [ttyS0] enabled
[    0.000000] tsc: Detected 3092.950 MHz processor
[    1.242930] Calibrating delay loop (skipped) preset value.. 6185.90 BogoMIPS (lpj=12371800)
[    1.244441] pid_max: default: 32768 minimum: 301
[    1.245234] ACPI: Core revision 20150930
[    1.246953] ACPI: 2 ACPI AML tables successfully acquired and loaded
[    1.248097] Security Framework initialized
[    1.248831] Yama: becoming mindful.
[    1.249503] AppArmor: AppArmor initialized
[    1.250292] Dentry cache hash table entries: 65536 (order: 7, 524288 bytes)
[    1.251483] Inode-cache hash table entries: 32768 (order: 6, 262144 bytes)
[    1.252583] Mount-cache hash table entries: 1024 (order: 1, 8192 bytes)
[    1.253618] Mountpoint-cache hash table entries: 1024 (order: 1, 8192 bytes)
[    1.257979] Initializing cgroup subsys io
[    1.264286] Initializing cgroup subsys memory
[    1.265061] Initializing cgroup subsys devices
[    1.265839] Initializing cgroup subsys freezer
[    1.266654] Initializing cgroup subsys net_cls
[    1.267429] Initializing cgroup subsys perf_event
[    1.268230] Initializing cgroup subsys net_prio
[    1.269014] Initializing cgroup subsys hugetlb
[    1.269784] Initializing cgroup subsys pids
[    1.270640] mce: CPU supports 0 MCE banks
[    1.271824] process: using mwait in idle threads
[    1.273126] Last level iTLB entries: 4KB 512, 2MB 8, 4MB 8
[    1.274585] Last level dTLB entries: 4KB 512, 2MB 32, 4MB 32, 1GB 0
[    1.275885] Spectre V1 : Mitigation: usercopy/swapgs barriers and __user pointer sanitization
[    1.277328] Spectre V2 : Mitigation: Full generic retpoline
[    1.278244] Spectre V2 : Spectre v2 / SpectreRSB mitigation: Filling RSB on context switch
[    1.279687] Speculative Store Bypass: Vulnerable
[    1.280565] MDS: Vulnerable: Clear CPU buffers attempted, no microcode
[    1.311689] Freeing SMP alternatives memory: 36K
[    1.345684] ftrace: allocating 32318 entries in 127 pages
[    1.405642] smpboot: APIC(0) Converting physical 0 to logical package 0
[    1.584505] smpboot: Max logical packages: 1
[    1.588895] ..TIMER: vector=0x30 apic1=0 pin1=2 apic2=-1 pin2=-1
[    1.694567] smpboot: CPU0: Intel(R) Core(TM) i3-2100 CPU @ 3.10GHz (family: 0x6, model: 0x2a, stepping: 0x7)
[    2.139640] Performance Events: unsupported p6 CPU model 42 no PMU driver, software events only.
[    2.167341] KVM setup paravirtual spinlock
[    2.174192] x86: Booted up 1 node, 1 CPUs
[    2.179796] smpboot: Total of 1 processors activated (6185.90 BogoMIPS)
[    2.181483] devtmpfs: initialized
[    2.183867] evm: security.selinux
[    2.184677] evm: security.SMACK64
[    2.185514] evm: security.SMACK64EXEC
[    2.186390] evm: security.SMACK64TRANSMUTE
[    2.187578] evm: security.SMACK64MMAP
[    2.188704] evm: security.ima
[    2.189752] evm: security.capability
[    2.191158] clocksource: jiffies: mask: 0xffffffff max_cycles: 0xffffffff, max_idle_ns: 7645041785100000 ns
[    2.193833] futex hash table entries: 256 (order: 2, 16384 bytes)
[    2.201777] pinctrl core: initialized pinctrl subsystem
[    2.203033] RTC time: 17:02:22, date: 08/29/19
[    2.204183] NET: Registered protocol family 16
[    2.205324] cpuidle: using governor ladder
[    2.206317] cpuidle: using governor menu
[    2.207226] PCCT header not found.
[    2.208090] ACPI: bus type PCI registered
[    2.209028] acpiphp: ACPI Hot Plug PCI Controller Driver version: 0.5
[    2.210434] PCI: Using configuration type 1 for base access
[    2.213387] ACPI: Added _OSI(Module Device)
[    2.224664] ACPI: Added _OSI(Processor Device)
[    2.225666] ACPI: Added _OSI(3.0 _SCP Extensions)
[    2.226692] ACPI: Added _OSI(Processor Aggregator Device)
[    2.228352] ACPI: Executed 1 blocks of module-level executable AML code
[    2.231562] ACPI: Interpreter enabled
[    2.232440] ACPI: (supports S0 S5)
[    2.233275] ACPI: Using IOAPIC for interrupt routing
[    2.234492] PCI: Using host bridge windows from ACPI; if necessary, use "pci=nocrs" and report a bug
[    2.239479] ACPI: PCI Root Bridge [PCI0] (domain 0000 [bus 00-ff])
[    2.240756] acpi PNP0A03:00: _OSC: OS supports [ASPM ClockPM Segments MSI]
[    2.242198] acpi PNP0A03:00: _OSC failed (AE_NOT_FOUND); disabling ASPM
[    2.243543] acpi PNP0A03:00: fail to add MMCONFIG information, can't access extended PCI configuration space under this bridge.
[    2.246141] PCI host bridge to bus 0000:00
[    2.247061] pci_bus 0000:00: root bus resource [io  0x0000-0x0cf7 window]
[    2.248401] pci_bus 0000:00: root bus resource [io  0x0d00-0xffff window]
[    2.249772] pci_bus 0000:00: root bus resource [mem 0x000a0000-0x000bffff window]
[    2.251451] pci_bus 0000:00: root bus resource [mem 0x18200000-0xffdfffff window]
[    2.253115] pci_bus 0000:00: root bus resource [bus 00-ff]
[    2.255642] pci 0000:00:01.1: legacy IDE quirk: reg 0x10: [io  0x01f0-0x01f7]
[    2.257125] pci 0000:00:01.1: legacy IDE quirk: reg 0x14: [io  0x03f6]
[    2.267812] pci 0000:00:01.1: legacy IDE quirk: reg 0x18: [io  0x0170-0x0177]
[    2.269273] pci 0000:00:01.1: legacy IDE quirk: reg 0x1c: [io  0x0376]
[    2.284505] ACPI: PCI Interrupt Link [LNKA] (IRQs 5 9 10 11) *0, disabled.
[    2.466632] ACPI: PCI Interrupt Link [LNKB] (IRQs 5 9 10 *11)
[    2.701183] ACPI: PCI Interrupt Link [LNKC] (IRQs 5 9 *10 11)
[    2.803414] ACPI: PCI Interrupt Link [LNKD] (IRQs 5 *9 10 11)
[    2.841890] ACPI: Enabled 2 GPEs in block 00 to 07
[    2.888726] vgaarb: setting as boot device: PCI:0000:00:02.0
[    3.136805] vgaarb: device added: PCI:0000:00:02.0,decodes=io+mem,owns=io+mem,locks=none
[    3.225299] vgaarb: loaded
[    3.226018] vgaarb: bridge control possible 0000:00:02.0
[    3.235049] SCSI subsystem initialized
[    3.236037] ACPI: bus type USB registered
[    3.236997] usbcore: registered new interface driver usbfs
[    3.238224] usbcore: registered new interface driver hub
[    3.239381] usbcore: registered new device driver usb
[    3.242899] PCI: Using ACPI for IRQ routing
[    3.244132] NetLabel: Initializing
[    3.244936] NetLabel:  domain hash size = 128
[    3.245910] NetLabel:  protocols = UNLABELED CIPSOv4
[    3.246991] NetLabel:  unlabeled traffic allowed by default
[    3.248231] amd_nb: Cannot enumerate AMD northbridges
[    3.249331] clocksource: Switched to clocksource kvm-clock
[    3.256607] AppArmor: AppArmor Filesystem Enabled
[    3.258975] pnp: PnP ACPI init
[    3.260419] pnp: PnP ACPI: found 3 devices
[    3.267246] clocksource: acpi_pm: mask: 0xffffff max_cycles: 0xffffff, max_idle_ns: 2085701024 ns
[    3.295280] NET: Registered protocol family 2
[    3.296422] TCP established hash table entries: 4096 (order: 3, 32768 bytes)
[    3.297845] TCP bind hash table entries: 4096 (order: 4, 65536 bytes)
[    3.304713] TCP: Hash tables configured (established 4096 bind 4096)
[    3.306071] UDP hash table entries: 256 (order: 1, 8192 bytes)
[    3.307297] UDP-Lite hash table entries: 256 (order: 1, 8192 bytes)
[    3.308615] NET: Registered protocol family 1
[    3.309589] pci 0000:00:00.0: Limiting direct PCI/PCI transfers
[    3.310884] pci 0000:00:01.0: Activating ISA DMA hang workarounds
[    3.312244] Unpacking initramfs...
[    3.523934] Freeing initrd memory: 14832K
[    3.544699] RAPL PMU detected, API unit is 2^-32 Joules, 3 fixed counters 10737418240 ms ovfl timer
[    3.546662] hw unit of domain pp0-core 2^-0 Joules
[    3.547707] hw unit of domain package 2^-0 Joules
[    3.548728] hw unit of domain pp1-gpu 2^-0 Joules
[    3.549781] clocksource: tsc: mask: 0xffffffffffffffff max_cycles: 0x2c9543f4c77, max_idle_ns: 440795286029 ns
[    3.551926] platform rtc_cmos: registered platform RTC device (no PNP device found)
[    3.553709] Scanning for low memory corruption every 60 seconds
[    3.555214] audit: initializing netlink subsys (disabled)
[    3.556366] audit: type=2000 audit(1567098145.906:1): initialized
[    3.557884] Initialise system trusted keyring
[    3.559035] HugeTLB registered 2 MB page size, pre-allocated 0 pages
[    3.561482] zbud: loaded
[    3.562484] VFS: Disk quotas dquot_6.6.0
[    3.563417] VFS: Dquot-cache hash table entries: 512 (order 0, 4096 bytes)
[    3.565009] squashfs: version 4.0 (2009/01/31) Phillip Lougher
[    3.566482] fuse init (API version 7.23)
[    3.567487] Key type big_key registered
[    3.568385] Allocating IMA MOK and blacklist keyrings.
[    3.569734] Key type asymmetric registered
[    3.570726] Asymmetric key parser 'x509' registered
[    3.571826] Block layer SCSI generic (bsg) driver version 0.4 loaded (major 249)
[    3.573523] io scheduler noop registered
[    3.574506] io scheduler deadline registered (default)
[    3.575635] io scheduler cfq registered
[    3.576602] pci_hotplug: PCI Hot Plug PCI Core version: 0.5
[    3.577825] pciehp: PCI Express Hot Plug Controller Driver version: 0.4
[    3.579281] ACPI: AC Adapter [AC] (on-line)
[    3.580269] input: Power Button as /devices/LNXSYSTM:00/LNXPWRBN:00/input/input0
[    3.581919] ACPI: Power Button [PWRF]
[    3.582887] input: Sleep Button as /devices/LNXSYSTM:00/LNXSLPBN:00/input/input1
[    3.584558] ACPI: Sleep Button [SLPF]
[    3.585565] GHES: HEST is not enabled!
[    3.586537] Serial: 8250/16550 driver, 32 ports, IRQ sharing enabled
[    3.609393] 00:02: ttyS0 at I/O 0x3f8 (irq = 4, base_baud = 115200) is a 16550A
[    3.616576] Linux agpgart interface v0.103
[    3.618572] loop: module loaded
[    3.624569] scsi host0: ata_piix
[    3.625430] scsi host1: ata_piix
[    3.626299] ata1: PATA max UDMA/33 cmd 0x1f0 ctl 0x3f6 bmdma 0xd000 irq 14
[    3.627660] ata2: PATA max UDMA/33 cmd 0x170 ctl 0x376 bmdma 0xd008 irq 15
[    3.629324] libphy: Fixed MDIO Bus: probed
[    3.630487] tun: Universal TUN/TAP device driver, 1.6
[    3.631572] tun: (C) 1999-2004 Max Krasnyansky <maxk@qualcomm.com>
[    3.632882] PPP generic driver version 2.4.2
[    3.633961] ehci_hcd: USB 2.0 'Enhanced' Host Controller (EHCI) Driver
[    3.635287] ehci-pci: EHCI PCI platform driver
[    3.639373] ehci-platform: EHCI generic platform driver
[    3.640490] ohci_hcd: USB 1.1 'Open' Host Controller (OHCI) Driver
[    3.641768] ohci-pci: OHCI PCI platform driver
[    3.642769] ohci-platform: OHCI generic platform driver
[    3.643889] uhci_hcd: USB Universal Host Controller Interface driver
[    3.645235] i8042: PNP: PS/2 Controller [PNP0303:PS2K,PNP0f03:PS2M] at 0x60,0x64 irq 1,12
[    3.647538] serio: i8042 KBD port at 0x60,0x64 irq 1
[    3.648623] serio: i8042 AUX port at 0x60,0x64 irq 12
[    3.649810] mousedev: PS/2 mouse device common for all mice
[    3.651295] input: AT Translated Set 2 keyboard as /devices/platform/i8042/serio0/input/input2
[    3.653546] rtc_cmos rtc_cmos: rtc core: registered rtc_cmos as rtc0
[    3.654902] rtc_cmos rtc_cmos: alarms up to one day, 114 bytes nvram
[    3.656213] i2c /dev entries driver
[    3.657092] device-mapper: uevent: version 1.0.3
[    3.658231] device-mapper: ioctl: 4.34.0-ioctl (2015-10-28) initialised: dm-devel@redhat.com
[    3.660088] ledtrig-cpu: registered to indicate activity on CPUs
[    3.661597] NET: Registered protocol family 10
[    3.662817] NET: Registered protocol family 17
[    3.663812] Key type dns_resolver registered
[    3.664975] registered taskstats version 1
[    3.665943] Loading compiled-in X.509 certificates
[    3.667795] Loaded X.509 cert 'Build time autogenerated kernel key: d14182f9795b80ec340f636a5a08bf5817ccd8e7'
[    3.672561] zswap: loaded using pool lzo/zbud
[    3.675754] Key type trusted registered
[    3.683186] Key type encrypted registered
[    3.694650] AppArmor: AppArmor sha1 policy hashing enabled
[    3.695814] ima: No TPM chip found, activating TPM-bypass!
[    3.696971] ima: Allocated hash algorithm: sha1
[    3.698051] evm: HMAC attrs: 0x1
[    3.699067]   Magic number: 15:955:37
[    3.699923] bdi 7:2: hash matches
[    3.700767] rtc_cmos rtc_cmos: setting system clock to 2019-08-29 17:02:24 UTC (1567098144)
[    3.702688] BIOS EDD facility v0.16 2004-Jun-25, 0 devices found
[    3.703936] EDD information not available.
[    3.787371] Freeing unused kernel memory: 1488K
[    3.805525] Write protecting the kernel read-only data: 14336k
[    3.808367] Freeing unused kernel memory: 1608K
[    3.810455] Freeing unused kernel memory: 64K
Loading, please wait...
starting version[    3.835972] random: udevadm: uninitialized urandom read (16 bytes read, 2 bits of entropy available)
 229
[    3.842007] random: systemd-udevd: uninitialized urandom read (16 bytes read, 2 bits of entropy available)
[    3.845321] random: systemd-udevd: uninitialized urandom read (16 bytes read, 2 bits of entropy available)
[    3.848524] random: systemd-udevd: uninitialized urandom read (16 bytes read, 2 bits of entropy available)
[    3.851703] random: udevadm: uninitialized urandom read (16 bytes read, 2 bits of entropy available)
[    3.854702] random: systemd-udevd: uninitialized urandom read (16 bytes read, 2 bits of entropy available)
[    3.873840] random: systemd-udevd: uninitialized urandom read (16 bytes read, 2 bits of entropy available)
[    3.901667] random: udevadm: uninitialized urandom read (16 bytes read, 2 bits of entropy available)
[    3.926115] random: systemd-udevd: uninitialized urandom read (16 bytes read, 2 bits of entropy available)
[    3.928445] random: systemd-udevd: uninitialized urandom read (16 bytes read, 2 bits of entropy available)
[    4.027029] e1000: Intel(R) PRO/1000 Network Driver - version 7.3.21-k8-NAPI
[    4.045104] e1000: Copyright (c) 1999-2006 Intel Corporation.
[    4.051747] Fusion MPT base driver 3.04.20
[    4.074612] Copyright (c) 1999-2008 LSI Corporation
[    4.140273] Fusion MPT SPI Host driver 3.04.20
[    4.286796] input: ImExPS/2 Generic Explorer Mouse as /devices/platform/i8042/serio1/input/input4
[    4.524079] e1000 0000:00:03.0 eth0: (PCI:33MHz:32-bit) 02:6a:5b:40:72:6f
[    4.545848] e1000 0000:00:03.0 eth0: Intel(R) PRO/1000 Network Connection
[    4.548772] mptbase: ioc0: Initiating bringup
[    4.617686] ioc0: LSI53C1030 A0: Capabilities={Initiator}
[    4.788172] scsi host2: ioc0: LSI53C1030 A0, FwRev=00000000h, Ports=1, MaxQ=256, IRQ=20
[    4.919614] scsi 2:0:0:0: Direct-Access     VBOX     HARDDISK         1.0  PQ: 0 ANSI: 5
[    4.926675] scsi target2:0:0: Beginning Domain Validation
[    4.930759] scsi target2:0:0: Domain Validation skipping write tests
[    4.932979] scsi target2:0:0: Ending Domain Validation
[    4.935167] scsi target2:0:0: asynchronous
[    4.938709] scsi 2:0:1:0: Direct-Access     VBOX     HARDDISK         1.0  PQ: 0 ANSI: 5
[    4.955940] scsi target2:0:1: Beginning Domain Validation
[    5.042499] scsi target2:0:1: Domain Validation skipping write tests
[    5.055102] scsi target2:0:1: Ending Domain Validation
[    5.069119] scsi target2:0:1: asynchronous
[    5.229190] sd 2:0:0:0: Attached scsi generic sg0 type 0
[    5.234802] sd 2:0:0:0: [sda] 20971520 512-byte logical blocks: (10.7 GB/10.0 GiB)
[    5.236706] sd 2:0:0:0: [sda] Write Protect is off
[    5.238177] sd 2:0:0:0: [sda] Incomplete mode parameter data
[    5.345571] sd 2:0:0:0: [sda] Assuming drive cache: write through
[    5.365250] sd 2:0:1:0: [sdb] 20480 512-byte logical blocks: (10.5 MB/10.0 MiB)
[    5.380808] sd 2:0:1:0: Attached scsi generic sg1 type 0
[    5.431998] sd 2:0:1:0: [sdb] Write Protect is off
[    5.443366] sd 2:0:1:0: [sdb] Incomplete mode parameter data
[    5.624095] sd 2:0:1:0: [sdb] Assuming drive cache: write through
[    5.736031]  sda: sda1
[    5.805550] sd 2:0:1:0: [sdb] Attached SCSI disk
[    5.813098] sd 2:0:0:0: [sda] Attached SCSI disk
[    5.835987] e1000 0000:00:08.0 eth1: (PCI:33MHz:32-bit) 08:00:27:d8:06:3d
[    5.924223] e1000 0000:00:08.0 eth1: Intel(R) PRO/1000 Network Connection
[    5.927337] e1000 0000:00:08.0 enp0s8: renamed from eth1
[    6.126492] e1000 0000:00:03.0 enp0s3: renamed from eth0
Begin: Loading e[    7.534128] md: linear personality registered for level -1
ssential drivers ... [    7.569611] md: multipath personality registered for level -4
[    7.608681] md: raid0 personality registered for level 0
[    7.778895] md: raid1 personality registered for level 1
[    7.913624] raid6: sse2x1   gen()  8946 MB/s
[    8.183613] raid6: sse2x1   xor()  6885 MB/s
[    8.423612] raid6: sse2x2   gen() 11067 MB/s
[    8.663630] raid6: sse2x2   xor()  6930 MB/s
[    8.753606] raid6: sse2x4   gen() 13013 MB/s
[    8.843611] raid6: sse2x4   xor()  9780 MB/s
[    8.854543] raid6: using algorithm sse2x4 gen() 13013 MB/s
[    8.855696] raid6: .... xor() 9780 MB/s, rmw enabled
[    8.856752] raid6: using ssse3x2 recovery algorithm
[    8.860259] xor: automatically using best checksumming function:
[    8.993592]    avx       : 49742.000 MB/sec
[    9.006944] async_tx: api initialized (async)
[    9.040260] md: raid6 personality registered for level 6
[    9.084248] md: raid5 personality registered for level 5
[    9.085374] md: raid4 personality registered for level 4
[    9.094277] md: raid10 personality registered for level 10
done.
Begin: Running /scripts/init-premount ... done.
Begin: Mounting root file system ... Begin: Running /scripts/local-top ... done.
Begin: Running /scripts/local-premount ... [    9.143870] Btrfs loaded
Scanning for Btrfs filesystems
done.
Warning: fsck not present, so skipping root file system
[    9.245808] EXT4-fs (sda1): mounted filesystem with ordered data mode. Opts: (null)
done.
Begin: Running /scripts/local-bottom ... done.
Begin: Running /scripts/init-bottom ... done.
[    9.702260] systemd[1]: systemd 229 running in system mode. (+PAM +AUDIT +SELINUX +IMA +APPARMOR +SMACK +SYSVINIT +UTMP +LIBCRYPTSETUP +GCRYPT +GNUTLS +ACL +XZ -LZ4 +SECCOMP +BLKID +ELFUTILS +KMOD -IDN)
[    9.720017] systemd[1]: Detected virtualization oracle.
[    9.804427] systemd[1]: Detected architecture x86-64.

Welcome to [1mUbuntu 16.04.6 LTS[0m!

[    9.848995] systemd[1]: Set hostname to <ubuntu>.
[   10.018895] systemd[1]: Initializing machine ID from random generator.
[   10.144367] systemd[1]: Installed transient /etc/machine-id file.
[   10.310289] random: nonblocking pool is initialized
[   10.821821] systemd[1]: Reached target System Time Synchronized.
[[0;32m  OK  [0m] Reached target System Time Synchronized.
[   10.866379] systemd[1]: Started Forward Password Requests to Wall Directory Watch.
[[0;32m  OK  [0m] Started Forward Password Requests to Wall Directory Watch.
[   10.869856] systemd[1]: Set up automount Arbitrary Executable File Formats File System Automount Point.
[[0;32m  OK  [0m] Set up automount Arbitrary Executab...ats File System Automount Point.
[   10.880478] systemd[1]: Reached target User and Group Name Lookups.
[[0;32m  OK  [0m] Reached target User and Group Name Lookups.
[   10.884052] systemd[1]: Listening on LVM2 metadata daemon socket.
[[0;32m  OK  [0m] Listening on LVM2 metadata daemon socket.
[   10.888611] systemd[1]: Listening on Journal Socket (/dev/log).
[[0;32m  OK  [0m] Listening on Journal Socket (/dev/log).
[   10.891039] systemd[1]: Listening on LVM2 poll daemon socket.
[[0;32m  OK  [0m] Listening on LVM2 poll daemon socket.
[   10.893434] systemd[1]: Listening on Journal Audit Socket.
[[0;32m  OK  [0m] Listening on Journal Audit Socket.
[   10.895805] systemd[1]: Listening on Journal Socket.
[[0;32m  OK  [0m] Listening on Journal Socket.
[   10.898056] systemd[1]: Listening on Device-mapper event daemon FIFOs.
[[0;32m  OK  [0m] Listening on Device-mapper event daemon FIFOs.
[   10.900485] systemd[1]: Listening on udev Kernel Socket.
[[0;32m  OK  [0m] Listening on udev Kernel Socket.
[   10.902656] systemd[1]: Reached target Encrypted Volumes.
[[0;32m  OK  [0m] Reached target Encrypted Volumes.
[   10.904872] systemd[1]: Listening on Syslog Socket.
[[0;32m  OK  [0m] Listening on Syslog Socket.
[   10.907401] systemd[1]: Created slice System Slice.
[[0;32m  OK  [0m] Created slice System Slice.
[   10.910384] systemd[1]: Starting Set console keymap...
         Starting Set console keymap...
[   10.967967] systemd[1]: Starting Uncomplicated firewall...
         Starting Uncomplicated firewall...
[   11.003292] systemd[1]: Starting Load Kernel Modules...
         Starting Load Kernel Modules...
[   11.033220] systemd[1]: Starting Remount Root and Kernel File Systems...
         Starting Remount Root and Kernel File Systems...
[   11.127147] systemd[1]: Mounting POSIX Message Queue File System...
[   11.196663] EXT4-fs (sda1): re-mounted. Opts: (null)
[   11.244647] Loading iSCSI transport class v2.0-870.
         Mounting POSIX Message Queue File System...
[   11.267106] systemd[1]: Mounting Debug File System...
         [   11.369820] iscsi: registered transport (tcp)
Mounting Debug File System...
[   11.545519] systemd[1]: Starting Journal Service...
         Starting Journal Service...
[   11.618132] systemd[1]: Mounting Huge Pages File System...
         Mounting Huge Pages File System...
[   11.630957] systemd[1]: Starting Monitoring of LVM2 mirrors, snapshots etc. using dmeventd or progress polling...
         Starting Monitoring of LVM2 mirrors... dmeventd or progress polling...
[   11.663708] systemd[1]: Listening on /dev/initctl Compatibility Named Pipe.
[[0;32m  OK  [0m] Listening on /dev/initctl Compatibility Named Pipe.
[   11.881881] systemd[1]: Listening on udev Control Socket.
[[0;32m  OK  [0m] Listening on udev Control Socket.
[   11.897694] systemd[1]: Starting Create list of required static device nodes for the current kernel...
         Starting Create list of required st... nodes for the current kernel...
[   11.957702] systemd[1]: Started Trigger resolvconf update for networkd DNS.
[[0;32m  OK  [0m] Started Trigger resolvconf update for networkd DNS.
[   12.051907] systemd[1]: Reached target Swap.
[[0;32m  OK  [0m] Reached target Swap.
[   12.062070] systemd[1]: Created slice User and Session Slice.
[[0;32m  OK  [0m] Created slice User and Session Slice.
[   12.110465] systemd[1]: Reached target Slices.
[[0;32m  OK  [0m] Reached target Slices.
[   12.113187] systemd[1]: Starting Nameserver information manager...
         Starting Nameser[   12.353961] iscsi: registered transport (iser)
ver information manager...
[   12.595008] systemd[1]: Created slice system-serial\x2dgetty.slice.
[[0;32m  OK  [0m] Created slice system-serial\x2dgetty.slice.
[   12.605804] systemd[1]: Mounted Huge Pages File System.
[[0;32m  OK  [0m] Mounted Huge Pages File System.
[   12.835196] systemd[1]: Mounted POSIX Message Queue File System.
[[0;32m  OK  [0m] Mounted POSIX Message Queue File System.
[   12.837304] systemd[1]: Mounted Debug File System.
[[0;32m  OK  [0m] Mounted Debug File System.
[   12.839379] systemd[1]: Started Journal Service.
[[0;32m  OK  [0m] Started Journal Service.
[[0;32m  OK  [0m] Started Set console keymap.
[[0;32m  OK  [0m] Started Uncomplicated firewall.
[[0;32m  OK  [0m] Started Load Kernel Modules.
[[0;32m  OK  [0m] Started Remount Root and Kernel File Systems.
[[0;32m  OK  [0m] Started Create list of required sta...ce nodes for the current kernel.
[[0;32m  OK  [0m] Started Nameserver information manager.
[[0;32m  OK  [0m] Started LVM2 metadata daemon.
         Starting Create Static Device Nodes in /dev...
         Starting Load/Save Random Seed...
         Starting udev Coldplug all Devices...
         Starting Apply Kernel Variables...
         Mounting FUSE Control File System...
         Starting Flush Journal to Persistent Storage...
[[0;32m  OK  [0m] Mounted FUSE Control File System.
[[0;32m  OK  [0m] Started Load/Save Random Seed.
[[0;32m  OK  [0m] Started Apply Kernel Variables.
[[0;32m  OK  [0m] Started Monitoring of LVM2 mirrors,...ng dmeventd or progress polling.
[[0;32m  OK  [0m] Started Create Static Device Nodes in /dev.
[[0;32m  OK  [0m] Started udev Coldplug all Devices.
         Starting udev Kernel Device Manager...
[[0;32m  OK  [0m] Reached target Local File Systems (Pre).
[[0;32m  OK  [0m] Reached target Local File Systems.
         Starting Initial cloud-init job (pre-networking)...
         Starting Commit a transient machine-id on disk...
         Starting Set console font and keymap...
         Starting LSB: AppArmor initialization...
         Starting Tell Plymouth To Write Out Runtime Data...
[[0;32m  OK  [0m] Started Flush Journal to Persistent Storage.
[[0;32m  OK  [0m] Started Commit a transient machine-id on disk.
[[0;32m  OK  [0m] Started Tell Plymouth To Write Out Runtime Data.
         Starting Create Volatile Files and Directories...
[[0;32m  OK  [0m] Started Create Volatile Files and Directories.
         Starting Update UTMP about System Boot/Shutdown...
[[0;32m  OK  [0m] Started Update UTMP about System Boot/Shutdown.
[[0;32m  OK  [0m] Started udev Kernel Device Manager.
[[0;32m  OK  [0m] Started Dispatch Password Requests to Console Directory Watch.
[[0;32m  OK  [0m] Found device /dev/ttyS0.
[[0;32m  OK  [0m] Listening on Load/Save RF Kill Switch Status /dev/rfkill Watch.
[[0;32m  OK  [0m] Started LSB: AppArmor initialization.
[[0;32m  OK  [0m] Started Set console font and keymap.
[[0;32m  OK  [0m] Created slice system-getty.slice.
[   14.991767] cloud-init[462]: Cloud-init v. 19.1-1-gbaa47854-0ubuntu1~16.04.1 running 'init-local' at Thu, 29 Aug 2019 17:02:38 +0000. Up 14.57 seconds.
[[0;32m  OK  [0m] Started Initial cloud-init job (pre-networking).
[[0;32m  OK  [0m] Reached target Network (Pre).
         Starting Raise network interfaces...
[[0;32m  OK  [0m] Started Raise network interfaces.
         Starting Initial cloud-init job (metadata service crawler)...
[[0;32m  OK  [0m] Reached target Network.
[   17.151268] cloud-init[972]: Cloud-init v. 19.1-1-gbaa47854-0ubuntu1~16.04.1 running 'init' at Thu, 29 Aug 2019 17:02:39 +0000. Up 15.93 seconds.
[   17.209835] cloud-init[972]: ci-info: ++++++++++++++++++++++++++++++++++++++Net device info+++++++++++++++++++++++++++++++++++++++
[[0;32m  OK  [0m] Started Initial cloud-init job (metadata service crawler).
[[0;32m  OK  [0m] Reached target Network is Online.
         Starting iSCSI initiator daemon (iscsid)...
[[0;32m  OK  [0m] Reached target System Initialization.
[[0;32m  OK  [0m] Started Daily Cleanup of Temporary Directories.
[   17.214501] cloud-init[972]: ci-info: +--------+-------+----------------------------+---------------+--------+-------------------+
[[0;32m  OK  [0m] Started Daily apt download activities.
[[0;32m  OK  [0m] Started Daily apt upgrade and clean activities.
[   17.282962] cloud-init[972]: ci-info: | Device |   Up  |          Address           |      Mask     | Scope  |     Hw-Address    |[[0;32m  OK  [0m] Reached target Timers.
[[0;32m  OK  [0m] Listening on D-Bus System Message Bus Socket.
         Starting Socket activation for snappy daemon.
[[0;32m  OK  [0m] Listening on ACPID Listen Socket.

[   17.288086] cloud-init[972]: ci-info: +--------+-------+----------------------------+---------------+--------+-------------------+
[   17.291729] cloud-init[972]: ci-info: | enp0s3 |  True |         10.0.2.15          | 255.255.255.0 | global | 02:6a:5b:40:72:6f |
[[0;32m  OK  [0m] Started ACPI Events Check.
[[0;32m  OK  [0m] Reached target Paths.
[[0;32m  OK  [0m] Listening on UUID daemon activation socket.
[   17.296417] cloud-init[972]: ci-info: | enp0s3 |  True | fe80::6a:5bff:fe40:726f/64 |       .       |  link  | 02:6a:5b:40:72:6f |
[   17.298932] cloud-init[972]: ci-info: | enp0s8 | False |             .              |       .       |   .    | 08:00:27:d8:06:3d |
[   17.300892] cloud-init[972]: ci-info: |   lo   |  True |         127.0.0.1          |   255.0.0.0   |  host  |         .         |
[   17.302609] cloud-init[972]: ci-info: |   lo   |  True |          ::1/128           |       .       |  host  |         .         |
[   17.304322] cloud-init[972]: ci-info: +--------+-------+----------------------------+---------------+--------+-------------------+         Starting LXD - unix socket.
[[0;32m  OK  [0m] Reached target Cloud-config availability.
[[0;32m  OK  [0m] Listening on Socket activation for snappy daemon.
[[0;32m  OK  [0m] Listening on LXD - unix socket.

[   17.315199] cloud-init[972]: ci-info: +++++++++++++++++++++++++++Route IPv4 info++++++++++++++++++++++++++++
[   17.316832] cloud-init[972]: ci-info: +-------+-------------+----------+---------------+-----------+-------+
[[0;32m  OK  [0m] Reached target Sockets.
[   17.322779] cloud-init[972]: ci-info: | Route | Destination | Gateway  |    Genmask    | Interface | Flags |
[[0;32m  OK  [0m] Reached target Basic System.
[   17.335065] cloud-init[972]: ci-info: +-------+-------------+----------+---------------+-----------+-------+         Starting Virtualbox guest utils...

[   17.340633] cloud-init[972]: ci-info: |   0   |   0.0.0.0   | 10.0.2.2 |    0.0.0.0    |   enp0s3  |   UG  |
[   17.342184] cloud-init[972]: ci-info: |   1   |   10.0.2.0  | 0.0.0.0  | 255.255.255.0 |   enp0s3  |   U   |
[   17.343707] [[0;32m  OK  [0m] Started Regular background program processing daemon.
[[0;32m  OK  [0m] Started ACPI event daemon.
[[0;32m  OK  [0m] Started D-Bus System Message Bus.
cloud-init[972]: ci-info: +-------+-------------+----------+---------------+-----------+-------+
[   17.392299] cloud-init[972]: ci-info: +++++++++++++++++++Route IPv6 info+++++++++++++++++++
[   17.433814] cloud-init[972]: ci-info: +-------+-------------+---------+-----------+-------+
[   17.435327] cloud-init[972]: ci-info: | Route | Destination | Gateway | Interface | Flags |
[   17.437803] cloud-init[972]: ci-info: +-------+-------------+---------+-----------+-------+
[   17.440238] cloud-init[972]: ci-info: |   0   |  fe80::/64  |    ::   |   enp0s3  |   U   |
[   17.443006] cloud-init[972]: ci-info: |   3   |   ff00::/8  |    ::   |   enp0s3  |   U   |
[   17.445877] cloud-init[972]: ci-info: +-------+-------------+---------+-----------+-------+
[   17.447940] cloud-init[972]: Generating public/private rsa key pair.
[   17.450615] cloud-init[972]: Your identification has been saved in /etc/ssh/ssh_host_rsa_key.         Starting Pollinate to seed the pseudo random number generator...
         Starting LXD - container startup/shutdown...

         Starting Accounts Service...
[   17.494493] cloud-init[972]: Your public key has been saved in /etc/ssh/ssh_host_rsa_key.pub.
         Starting LSB: MD monitoring daemon...
         Starting Login Service...
[[0;32m  OK  [0m] Started FUSE filesystem for LXC.
[   17.501388] cloud-init[972]: The key fingerprint is:
         Starting LSB: Record successful boot for GRUB...
[   17.599234] cloud-init[972]: SHA256:222O3/TCmsBLbmbkqIpaVo0tHpgG8snqrNORRl6WKb0 root@ubuntu-xenial
         Starting System Logging Service...
[[0;32m  OK  [0m[   17.625658] cloud-init[972]: The key's randomart image is:
[   17.633221] cloud-init[972]: +---[RSA 2048]----+
[   17.633338] cloud-init[972]: |                 |
[   17.633441] cloud-init[972]: |                 |
[   17.633535] cloud-init[972]: |o  . o           |
[   17.633641] cloud-init[972]: |.+o+*+           |
[   17.633735] cloud-init[972]: | oB==.o S        |
[   17.633838] cloud-init[972]: | o=oEo   +..     |
[   17.633935] cloud-init[972]: |.oo..   .+= o..  |
[   17.634036] cloud-init[972]: |+o..    .o=* +o. |
[   17.634209] cloud-init[972]: |+=. .... ++.=....|
[   17.634307] cloud-init[972]: +----[SHA256]-----+
[   17.634409] cloud-init[972]: Generating public/private dsa key pair.
[   17.634507] cloud-init[972]: Your identification has been saved in /etc/ssh/ssh_host_dsa_key.
[   17.634611] cloud-init[972]: Your public key has been saved in /etc/ssh/ssh_host_dsa_key.pub.
[   17.634735] cloud-init[972]: The key fingerprint is:
] Started Deferred execution scheduler.
         Starting /etc/rc.local Compatibility...
         Starting Snappy daemon...
[[0;32m  OK  [0m] Started iSCSI initiator daemon (iscsid).
[   17.703421] cloud-init[972]: SHA256:vpK2qEOeWJeH6gMx/UvFfZYtgMqkx6oLmqwABowkyGU root@ubuntu-xenial
[   17.710564] cloud-init[972]: The key's randomart image is:
[   17.716341] cloud-init[972]: +---[DSA 1024]----+
[   17.734935] cloud-init[972]: |+..E   .         |
[   17.738420] cloud-init[972]: |*.. . . .        |
[   17.745031] cloud-init[972]: |oo = o . . o     |
[   17.748728] cloud-init[972]: |+ o = o . = .    |
[   17.750876] cloud-init[972]: |.+ + +  So .     |
[   17.752260] cloud-init[972]: |+ + * ..         |
[   17.754712] cloud-init[972]: |oB = o ..        |
[   17.757436] cloud-init[972]: |B.* ..+  .       |
[   17.758798] cloud-init[972]: |*+o+...o.        |
[   17.761641] cloud-init[972]: +----[SHA256]-----+
[   17.764777] cloud-init[972]: Generating public/private ecdsa key pair.
[   17.768427] cloud-init[972]: Your identification has been saved in /etc/ssh/ssh_host_ecdsa_key.
[   17.774794] cloud-init[972]: Your public key has been saved in /etc/ssh/ssh_host_ecdsa_key.pub.
[   17.776782] cloud-init[972]: The key fingerprint is:
[   17.779241] cloud-init[972]: SHA256:gX8smYfaUeb25fyaDiptajFvLLTJ4eL4/9Ci2Iqn20o root@ubuntu-xenial
[   17.796209] cloud-init[972]: The key's randomart image is:
[   17.800975] cloud-init[972]: +---[ECDSA 256]---+
[   17.816702] cloud-init[972]: |                 |
[   17.821786] cloud-init[972]: |       .         |
[[0;32m  OK  [0m] Started Login Service.
[   17.830664] cloud-init[972]: |      . . o      |
[[0;32m  OK  [0m[   17.836840] cloud-init[972]: |       . X       |
[   17.837164] cloud-init[972]: |        S *   .  |
[   17.837249] cloud-init[972]: |       o=B . +   |
[   17.837335] cloud-init[972]: |  E   .++X. o o  |
[   17.837416] cloud-init[972]: | . o.+..Oo*. . o |
[   17.837498] cloud-init[972]: |  ===+=+oBo  .+..|
[   17.837581] cloud-init[972]: +----[SHA256]-----+
[   17.837662] cloud-init[972]: Generating public/private ed25519 key pair.
[   17.837746] cloud-init[972]: Your identification has been saved in /etc/ssh/ssh_host_ed25519_key.
[   17.837836] cloud-init[972]: Your public key has been saved in /etc/ssh/ssh_host_ed25519_key.pub.
[   17.837919] cloud-init[972]: The key fingerprint is:
[   17.838003] cloud-init[972]: SHA256:EBbUDAGwl1IB2nDhVq5P/Td1fHrbfPMd/Q4WpSlQ7Ug root@ubuntu-xenial
[   17.838085] cloud-init[972]: The key's randomart image is:
[   17.838166] cloud-init[972]: +--[ED25519 256]--+
[   17.838248] cloud-init[972]: |. =+=+B*    ..   |
[   17.838330] cloud-init[972]: | * = o .o  .E .  |
[   17.838943] cloud-init[972]: |. * + .   .. o  .|
[   17.839029] cloud-init[972]: | . + . .   ....+ |
[   17.839112] cloud-init[972]: |  . . . S   o * .|
[   17.839193] cloud-init[972]: |   o   .   . o +.|
[   17.839276] cloud-init[972]: |    .   . o   +.o|
[   17.839357] cloud-init[972]: |         . . . =B|
[   17.839438] cloud-init[972]: |               o@|
[   17.839521] cloud-init[972]: +----[SHA256]-----+
] Started /etc/rc.local Compatibility.
[[0;32m  OK  [0m] Started Unattended Upgrades Shutdown.
         Starting Login to default iSCSI targets...
[[0;32m  OK  [0m] Started LSB: Record successful boot for GRUB.
[[0;32m  OK  [0m] Started System Logging Service.
[[0;32m  OK  [0m] Started LSB: MD monitoring daemon.
[[0;32m  OK  [0m] Started Login to default iSCSI targets.
[[0;32m  OK  [0m] Reached target Remote File Systems (Pre).
[[0;32m  OK  [0m] Reached target Remote File Systems.
         Starting LSB: Set the CPU Frequency Scaling governor to "ondemand"...
         Starting LSB: daemon to balance interrupts for SMP systems...
         Starting LSB: automatic crash report generation...
         Starting Permit User Sessions...
[[0;32m  OK  [0m] Started LSB: Set the CPU Frequency Scaling governor to "ondemand".
[[0;32m  OK  [0m] Started LSB: automatic crash report generation.
[[0;32m  OK  [0m] Started LSB: daemon to balance interrupts for SMP systems.
[[0;32m  OK  [0m] Started Permit User Sessions.
         Starting Terminate Plymouth Boot Screen...
         Starting Hold until boot process finishes up...
[[0;32m  OK  [0m] Started Hold until boot process finishes up.
[[0;32m  OK  [0m] Started Terminate Plymouth Boot Screen.
         Starting Set console scheme...
[[0;32m  OK  [0m] Started Serial Getty on ttyS0.
[[0;32m  OK  [0m] Started Getty on tty1.
[[0;32m  OK  [0m] Reached target Login Prompts.
[[0;32m  OK  [0m] Started Set console scheme.
         Starting Authenticate and Authorize Users to Run Privileged Tasks...
[[0;32m  OK  [0m] Started Virtualbox guest utils.
[[0;32m  OK  [0m] Started Authenticate and Authorize Users to Run Privileged Tasks.
[[0;32m  OK  [0m] Started Accounts Service.
[[0;32m  OK  [0m] Started LXD - container startup/shutdown.
[[0;32m  OK  [0m] Started Snappy daemon.
         Starting Wait until snapd is fully seeded...
[[0;32m  OK  [0m] Started Pollinate to seed the pseudo random number generator.
         Starting OpenBSD Secure Shell server...
[[0;32m  OK  [0m] Started OpenBSD Secure Shell server.

Ubuntu 16.04.6 LTS ubuntu-xenial ttyS0

ubuntu-xenial login: [   25.864541] cloud-init[1368]: Generating locales (this might take a while)...
[   27.838449] cloud-init[1368]:   en_US.UTF-8... done
[   27.843288] cloud-init[1368]: Generation complete.
[   29.165431] cloud-init[1368]: Cloud-init v. 19.1-1-gbaa47854-0ubuntu1~16.04.1 running 'modules:config' at Thu, 29 Aug 2019 17:02:49 +0000. Up 25.55 seconds.
ci-info: no authorized ssh keys fingerprints found for user ubuntu.
<14>Aug 29 17:02:54 ec2: 
<14>Aug 29 17:02:54 ec2: #############################################################
<14>Aug 29 17:02:54 ec2: -----BEGIN SSH HOST KEY FINGERPRINTS-----
<14>Aug 29 17:02:54 ec2: 1024 SHA256:vpK2qEOeWJeH6gMx/UvFfZYtgMqkx6oLmqwABowkyGU root@ubuntu-xenial (DSA)
<14>Aug 29 17:02:54 ec2: 256 SHA256:gX8smYfaUeb25fyaDiptajFvLLTJ4eL4/9Ci2Iqn20o root@ubuntu-xenial (ECDSA)
<14>Aug 29 17:02:54 ec2: 256 SHA256:EBbUDAGwl1IB2nDhVq5P/Td1fHrbfPMd/Q4WpSlQ7Ug root@ubuntu-xenial (ED25519)
<14>Aug 29 17:02:54 ec2: 2048 SHA256:222O3/TCmsBLbmbkqIpaVo0tHpgG8snqrNORRl6WKb0 root@ubuntu-xenial (RSA)
<14>Aug 29 17:02:54 ec2: -----END SSH HOST KEY FINGERPRINTS-----
<14>Aug 29 17:02:54 ec2: #############################################################
-----BEGIN SSH HOST KEY KEYS-----
ecdsa-sha2-nistp256 AAAAE2VjZHNhLXNoYTItbmlzdHAyNTYAAAAIbmlzdHAyNTYAAABBBCgSeGvv2aX4b3gIMr5/GET0KNqGUFO/TutS8gnU5E/T2bhNtenHXp9MTdaAtaF7DTjVm/oKMWP8nPgdXzacUyI= root@ubuntu-xenial
ssh-ed25519 AAAAC3NzaC1lZDI1NTE5AAAAIBGUOc7htShgXDRUmxz798rlDTW1woQ1Yh473+l2alEH root@ubuntu-xenial
ssh-rsa AAAAB3NzaC1yc2EAAAADAQABAAABAQDLtW82B2S+4tKRmceJ4RIUz9R1yvXUIDQl8b0hjEXKkHW8/vw2U0zHDrLgts5anH50NxcKbdC6I7WdHwKShUBo5USNYXT8CebwPdqRR3T77cjvaFsb9+pV1KxJIXrp96iD3x1cxCGE4Np9aEdaQ2W8CsvPZEmSD6TRbn1XjFf7t4SbPEHzQExor5sRNWrPcHnsVhm/zQcUA1KSKp8d5DHC6f9bv1X3Q/HXx4AVh5L7NkGAxKKBWEg+pQYNQ0L3Gq1/JguHZmLDSjjAVAHezkvm4lRaSh8L2DBkJT5V1/NWLfzNFdXTmdC5Y0L30EAcD4XK/P5BKQZWFw0d35e65H8d root@ubuntu-xenial
-----END SSH HOST KEY KEYS-----
[   31.018789] cloud-init[1547]: Cloud-init v. 19.1-1-gbaa47854-0ubuntu1~16.04.1 running 'modules:final' at Thu, 29 Aug 2019 17:02:54 +0000. Up 30.35 seconds.
[   31.030322] cloud-init[1547]: ci-info: no authorized ssh keys fingerprints found for user ubuntu.
[   31.030663] cloud-init[1547]: Cloud-init v. 19.1-1-gbaa47854-0ubuntu1~16.04.1 finished at Thu, 29 Aug 2019 17:02:54 +0000. Datasource DataSourceNoCloud [seed=/dev/sdb][dsmode=net].  Up 31.00 seconds
